XXXXXXXXXXXXXXXXXXXXXXXX                                        
XXXXXXXXXXXXXXXXXXXXXXXX                                        
XXXXXXXXXXXXXXXXXXXXXXXX                                        
XXXXXXXXXXXXXXXXXXXXXXXX                                        
XXXXXXXXXXXXXXXXXXXXXXXX                                        
XXXXXXXXXXXXXXXXXXXXXXXX                                        
XXXXXXXXXXXXXXXXXXXXXXXX                                        
XXXXXXXXXXXXXXXXXXXXXXXX                                        
XXXXXXXX        XXXXXXXX                                XXXXXXXX
XXXXXXXX        XXXXXXXX                                XXXXXXXX
XXXXXXXX        XXXXXXXX                                XXXXXXXX
XXXXXXXX        XXXXXXXX                                XXXXXXXX
XXXXXXXX        XXXXXXXX                                XXXXXXXX
XXXXXXXX        XXXXXXXX                                XXXXXXXX
XXXXXXXX        XXXXXXXX                                XXXXXXXX
XXXXXXXX        XXXXXXXX                                XXXXXXXX
XXXXXXXX        XXXXXXXX                                XXXXXXXX
XXXXXXXX        XXXXXXXX                                XXXXXXXX
XXXXXXXX        XXXXXXXX                                XXXXXXXX
XXXXXXXX        XXXXXXXX                                XXXXXXXX
XXXXXXXX        XXXXXXXX                                XXXXXXXX
XXXXXXXX        XXXXXXXX                                XXXXXXXX
XXXXXXXX        XXXXXXXX                                XXXXXXXX
XXXXXXXX        XXXXXXXX                                XXXXXXXX
                                                                
                                                                
                                                                
                                                                
                                                                
                                                                
                                                                
                                                                
XXXXXXXX        XXXXXXXX                                XXXXXXXX
XXXXXXXX        XXXXXXXX                                XXXXXXXX
XXXXXXXX        XXXXXXXX                                XXXXXXXX
XXXXXXXX        XXXXXXXX                                XXXXXXXX
XXXXXXXX        XXXXXXXX                                XXXXXXXX
XXXXXXXX        XXXXXXXX                                XXXXXXXX
XXXXXXXX        XXXXXXXX                                XXXXXXXX
XXXXXXXX        XXXXXXXX                                XXXXXXXX
XXXXXXXX        XXXXXXXX                                XXXXXXXX
XXXXXXXX        XXXXXXXX                                XXXXXXXX
XXXXXXXX        XXXXXXXX                                XXXXXXXX
XXXXXXXX        XXXXXXXX                                XXXXXXXX
XXXXXXXX        XXXXXXXX                                XXXXXXXX
XXXXXXXX        XXXXXXXX                                XXXXXXXX
XXXXXXXX        XXXXXXXX                                XXXXXXXX
XXXXXXXX        XXXXXXXX                                XXXXXXXX
XXXXXXXXXXXXXXXXXXXXXXXX                                        
XXXXXXXXXXXXXXXXXXXXXXXX                                        
XXXXXXXXXXXXXXXXXXXXXXXX                                        
XXXXXXXXXXXXXXXXXXXXXXXX                                        
XXXXXXXXXXXXXXXXXXXXXXXX                                        
XXXXXXXXXXXXXXXXXXXXXXXX                                        
XXXXXXXXXXXXXXXXXXXXXXXX                                        
XXXXXXXXXXXXXXXXXXXXXXXX                                        








XXXXXXXXXXXXXXXXXXXXXXXX                XXXXXXXXXXXXXXXXXXXXXXXX
XXXXXXXXXXXXXXXXXXXXXXXX                XXXXXXXXXXXXXXXXXXXXXXXX
XXXXXXXXXXXXXXXXXXXXXXXX                XXXXXXXXXXXXXXXXXXXXXXXX
XXXXXXXXXXXXXXXXXXXXXXXX                XXXXXXXXXXXXXXXXXXXXXXXX
XXXXXXXXXXXXXXXXXXXXXXXX                XXXXXXXXXXXXXXXXXXXXXXXX
XXXXXXXXXXXXXXXXXXXXXXXX                XXXXXXXXXXXXXXXXXXXXXXXX
XXXXXXXXXXXXXXXXXXXXXXXX                XXXXXXXXXXXXXXXXXXXXXXXX
XXXXXXXXXXXXXXXXXXXXXXXX                XXXXXXXXXXXXXXXXXXXXXXXX
                XXXXXXXX                                XXXXXXXX
                XXXXXXXX                                XXXXXXXX
                XXXXXXXX                                XXXXXXXX
                XXXXXXXX                                XXXXXXXX
                XXXXXXXX                                XXXXXXXX
                XXXXXXXX                                XXXXXXXX
                XXXXXXXX                                XXXXXXXX
                XXXXXXXX                                XXXXXXXX
                XXXXXXXX                                XXXXXXXX
                XXXXXXXX                                XXXXXXXX
                XXXXXXXX                                XXXXXXXX
                XXXXXXXX                                XXXXXXXX
                XXXXXXXX                                XXXXXXXX
                XXXXXXXX                                XXXXXXXX
                XXXXXXXX                                XXXXXXXX
                XXXXXXXX                                XXXXXXXX
XXXXXXXXXXXXXXXXXXXXXXXX                XXXXXXXXXXXXXXXXXXXXXXXX
XXXXXXXXXXXXXXXXXXXXXXXX                XXXXXXXXXXXXXXXXXXXXXXXX
XXXXXXXXXXXXXXXXXXXXXXXX                XXXXXXXXXXXXXXXXXXXXXXXX
XXXXXXXXXXXXXXXXXXXXXXXX                XXXXXXXXXXXXXXXXXXXXXXXX
XXXXXXXXXXXXXXXXXXXXXXXX                XXXXXXXXXXXXXXXXXXXXXXXX
XXXXXXXXXXXXXXXXXXXXXXXX                XXXXXXXXXXXXXXXXXXXXXXXX
XXXXXXXXXXXXXXXXXXXXXXXX                XXXXXXXXXXXXXXXXXXXXXXXX
XXXXXXXXXXXXXXXXXXXXXXXX                XXXXXXXXXXXXXXXXXXXXXXXX
XXXXXXXX                                                XXXXXXXX
XXXXXXXX                                                XXXXXXXX
XXXXXXXX                                                XXXXXXXX
XXXXXXXX                                                XXXXXXXX
XXXXXXXX                                                XXXXXXXX
XXXXXXXX                                                XXXXXXXX
XXXXXXXX                                                XXXXXXXX
XXXXXXXX                                                XXXXXXXX
XXXXXXXX                                                XXXXXXXX
XXXXXXXX                                                XXXXXXXX
XXXXXXXX                                                XXXXXXXX
XXXXXXXX                                                XXXXXXXX
XXXXXXXX                                                XXXXXXXX
XXXXXXXX                                                XXXXXXXX
XXXXXXXX                                                XXXXXXXX
XXXXXXXX                                                XXXXXXXX
XXXXXXXXXXXXXXXXXXXXXXXX                XXXXXXXXXXXXXXXXXXXXXXXX
XXXXXXXXXXXXXXXXXXXXXXXX                XXXXXXXXXXXXXXXXXXXXXXXX
XXXXXXXXXXXXXXXXXXXXXXXX                XXXXXXXXXXXXXXXXXXXXXXXX
XXXXXXXXXXXXXXXXXXXXXXXX                XXXXXXXXXXXXXXXXXXXXXXXX
XXXXXXXXXXXXXXXXXXXXXXXX                XXXXXXXXXXXXXXXXXXXXXXXX
XXXXXXXXXXXXXXXXXXXXXXXX                XXXXXXXXXXXXXXXXXXXXXXXX
XXXXXXXXXXXXXXXXXXXXXXXX                XXXXXXXXXXXXXXXXXXXXXXXX
XXXXXXXXXXXXXXXXXXXXXXXX                XXXXXXXXXXXXXXXXXXXXXXXX








                                        XXXXXXXXXXXXXXXXXXXXXXXX
                                        XXXXXXXXXXXXXXXXXXXXXXXX
                                        XXXXXXXXXXXXXXXXXXXXXXXX
                                        XXXXXXXXXXXXXXXXXXXXXXXX
                                        XXXXXXXXXXXXXXXXXXXXXXXX
                                        XXXXXXXXXXXXXXXXXXXXXXXX
                                        XXXXXXXXXXXXXXXXXXXXXXXX
                                        XXXXXXXXXXXXXXXXXXXXXXXX
XXXXXXXX        XXXXXXXX                XXXXXXXX                
XXXXXXXX        XXXXXXXX                XXXXXXXX                
XXXXXXXX        XXXXXXXX                XXXXXXXX                
XXXXXXXX        XXXXXXXX                XXXXXXXX                
XXXXXXXX        XXXXXXXX                XXXXXXXX                
XXXXXXXX        XXXXXXXX                XXXXXXXX                
XXXXXXXX        XXXXXXXX                XXXXXXXX                
XXXXXXXX        XXXXXXXX                XXXXXXXX                
XXXXXXXX        XXXXXXXX                XXXXXXXX                
XXXXXXXX        XXXXXXXX                XXXXXXXX                
XXXXXXXX        XXXXXXXX                XXXXXXXX                
XXXXXXXX        XXXXXXXX                XXXXXXXX                
XXXXXXXX        XXXXXXXX                XXXXXXXX                
XXXXXXXX        XXXXXXXX                XXXXXXXX                
XXXXXXXX        XXXXXXXX                XXXXXXXX                
XXXXXXXX        XXXXXXXX                XXXXXXXX                
XXXXXXXXXXXXXXXXXXXXXXXX                XXXXXXXXXXXXXXXXXXXXXXXX
XXXXXXXXXXXXXXXXXXXXXXXX                XXXXXXXXXXXXXXXXXXXXXXXX
XXXXXXXXXXXXXXXXXXXXXXXX                XXXXXXXXXXXXXXXXXXXXXXXX
XXXXXXXXXXXXXXXXXXXXXXXX                XXXXXXXXXXXXXXXXXXXXXXXX
XXXXXXXXXXXXXXXXXXXXXXXX                XXXXXXXXXXXXXXXXXXXXXXXX
XXXXXXXXXXXXXXXXXXXXXXXX                XXXXXXXXXXXXXXXXXXXXXXXX
XXXXXXXXXXXXXXXXXXXXXXXX                XXXXXXXXXXXXXXXXXXXXXXXX
XXXXXXXXXXXXXXXXXXXXXXXX                XXXXXXXXXXXXXXXXXXXXXXXX
                XXXXXXXX                                XXXXXXXX
                XXXXXXXX                                XXXXXXXX
                XXXXXXXX                                XXXXXXXX
                XXXXXXXX                                XXXXXXXX
                XXXXXXXX                                XXXXXXXX
                XXXXXXXX                                XXXXXXXX
                XXXXXXXX                                XXXXXXXX
                XXXXXXXX                                XXXXXXXX
                XXXXXXXX                                XXXXXXXX
                XXXXXXXX                                XXXXXXXX
                XXXXXXXX                                XXXXXXXX
                XXXXXXXX                                XXXXXXXX
                XXXXXXXX                                XXXXXXXX
                XXXXXXXX                                XXXXXXXX
                XXXXXXXX                                XXXXXXXX
                XXXXXXXX                                XXXXXXXX
                                        XXXXXXXXXXXXXXXXXXXXXXXX
                                        XXXXXXXXXXXXXXXXXXXXXXXX
                                        XXXXXXXXXXXXXXXXXXXXXXXX
                                        XXXXXXXXXXXXXXXXXXXXXXXX
                                        XXXXXXXXXXXXXXXXXXXXXXXX
                                        XXXXXXXXXXXXXXXXXXXXXXXX
                                        XXXXXXXXXXXXXXXXXXXXXXXX
                                        XXXXXXXXXXXXXXXXXXXXXXXX








XXXXXXXXXXXXXXXXXXXXXXXX                XXXXXXXXXXXXXXXXXXXXXXXX
XXXXXXXXXXXXXXXXXXXXXXXX                XXXXXXXXXXXXXXXXXXXXXXXX
XXXXXXXXXXXXXXXXXXXXXXXX                XXXXXXXXXXXXXXXXXXXXXXXX
XXXXXXXXXXXXXXXXXXXXXXXX                XXXXXXXXXXXXXXXXXXXXXXXX
XXXXXXXXXXXXXXXXXXXXXXXX                XXXXXXXXXXXXXXXXXXXXXXXX
XXXXXXXXXXXXXXXXXXXXXXXX                XXXXXXXXXXXXXXXXXXXXXXXX
XXXXXXXXXXXXXXXXXXXXXXXX                XXXXXXXXXXXXXXXXXXXXXXXX
XXXXXXXXXXXXXXXXXXXXXXXX                XXXXXXXXXXXXXXXXXXXXXXXX
XXXXXXXX                                                XXXXXXXX
XXXXXXXX                                                XXXXXXXX
XXXXXXXX                                                XXXXXXXX
XXXXXXXX                                                XXXXXXXX
XXXXXXXX                                                XXXXXXXX
XXXXXXXX                                                XXXXXXXX
XXXXXXXX                                                XXXXXXXX
XXXXXXXX                                                XXXXXXXX
XXXXXXXX                                                XXXXXXXX
XXXXXXXX                                                XXXXXXXX
XXXXXXXX                                                XXXXXXXX
XXXXXXXX                                                XXXXXXXX
XXXXXXXX                                                XXXXXXXX
XXXXXXXX                                                XXXXXXXX
XXXXXXXX                                                XXXXXXXX
XXXXXXXX                                                XXXXXXXX
XXXXXXXXXXXXXXXXXXXXXXXX                                        
XXXXXXXXXXXXXXXXXXXXXXXX                                        
XXXXXXXXXXXXXXXXXXXXXXXX                                        
XXXXXXXXXXXXXXXXXXXXXXXX                                        
XXXXXXXXXXXXXXXXXXXXXXXX                                        
XXXXXXXXXXXXXXXXXXXXXXXX                                        
XXXXXXXXXXXXXXXXXXXXXXXX                                        
XXXXXXXXXXXXXXXXXXXXXXXX                                        
XXXXXXXX        XXXXXXXX                                XXXXXXXX
XXXXXXXX        XXXXXXXX                                XXXXXXXX
XXXXXXXX        XXXXXXXX                                XXXXXXXX
XXXXXXXX        XXXXXXXX                                XXXXXXXX
XXXXXXXX        XXXXXXXX                                XXXXXXXX
XXXXXXXX        XXXXXXXX                                XXXXXXXX
XXXXXXXX        XXXXXXXX                                XXXXXXXX
XXXXXXXX        XXXXXXXX                                XXXXXXXX
XXXXXXXX        XXXXXXXX                                XXXXXXXX
XXXXXXXX        XXXXXXXX                                XXXXXXXX
XXXXXXXX        XXXXXXXX                                XXXXXXXX
XXXXXXXX        XXXXXXXX                                XXXXXXXX
XXXXXXXX        XXXXXXXX                                XXXXXXXX
XXXXXXXX        XXXXXXXX                                XXXXXXXX
XXXXXXXX        XXXXXXXX                                XXXXXXXX
XXXXXXXX        XXXXXXXX                                XXXXXXXX
XXXXXXXXXXXXXXXXXXXXXXXX                                        
XXXXXXXXXXXXXXXXXXXXXXXX                                        
XXXXXXXXXXXXXXXXXXXXXXXX                                        
XXXXXXXXXXXXXXXXXXXXXXXX                                        
XXXXXXXXXXXXXXXXXXXXXXXX                                        
XXXXXXXXXXXXXXXXXXXXXXXX                                        
XXXXXXXXXXXXXXXXXXXXXXXX                                        
XXXXXXXXXXXXXXXXXXXXXXXX                                        








XXXXXXXXXXXXXXXXXXXXXXXX                XXXXXXXXXXXXXXXXXXXXXXXX
XXXXXXXXXXXXXXXXXXXXXXXX                XXXXXXXXXXXXXXXXXXXXXXXX
XXXXXXXXXXXXXXXXXXXXXXXX                XXXXXXXXXXXXXXXXXXXXXXXX
XXXXXXXXXXXXXXXXXXXXXXXX                XXXXXXXXXXXXXXXXXXXXXXXX
XXXXXXXXXXXXXXXXXXXXXXXX                XXXXXXXXXXXXXXXXXXXXXXXX
XXXXXXXXXXXXXXXXXXXXXXXX                XXXXXXXXXXXXXXXXXXXXXXXX
XXXXXXXXXXXXXXXXXXXXXXXX                XXXXXXXXXXXXXXXXXXXXXXXX
XXXXXXXXXXXXXXXXXXXXXXXX                XXXXXXXXXXXXXXXXXXXXXXXX
XXXXXXXX        XXXXXXXX                XXXXXXXX        XXXXXXXX
XXXXXXXX        XXXXXXXX                XXXXXXXX        XXXXXXXX
XXXXXXXX        XXXXXXXX                XXXXXXXX        XXXXXXXX
XXXXXXXX        XXXXXXXX                XXXXXXXX        XXXXXXXX
XXXXXXXX        XXXXXXXX                XXXXXXXX        XXXXXXXX
XXXXXXXX        XXXXXXXX                XXXXXXXX        XXXXXXXX
XXXXXXXX        XXXXXXXX                XXXXXXXX        XXXXXXXX
XXXXXXXX        XXXXXXXX                XXXXXXXX        XXXXXXXX
XXXXXXXX        XXXXXXXX                XXXXXXXX        XXXXXXXX
XXXXXXXX        XXXXXXXX                XXXXXXXX        XXXXXXXX
XXXXXXXX        XXXXXXXX                XXXXXXXX        XXXXXXXX
XXXXXXXX        XXXXXXXX                XXXXXXXX        XXXXXXXX
XXXXXXXX        XXXXXXXX                XXXXXXXX        XXXXXXXX
XXXXXXXX        XXXXXXXX                XXXXXXXX        XXXXXXXX
XXXXXXXX        XXXXXXXX                XXXXXXXX        XXXXXXXX
XXXXXXXX        XXXXXXXX                XXXXXXXX        XXXXXXXX
XXXXXXXXXXXXXXXXXXXXXXXX                XXXXXXXXXXXXXXXXXXXXXXXX
XXXXXXXXXXXXXXXXXXXXXXXX                XXXXXXXXXXXXXXXXXXXXXXXX
XXXXXXXXXXXXXXXXXXXXXXXX                XXXXXXXXXXXXXXXXXXXXXXXX
XXXXXXXXXXXXXXXXXXXXXXXX                XXXXXXXXXXXXXXXXXXXXXXXX
XXXXXXXXXXXXXXXXXXXXXXXX                XXXXXXXXXXXXXXXXXXXXXXXX
XXXXXXXXXXXXXXXXXXXXXXXX                XXXXXXXXXXXXXXXXXXXXXXXX
XXXXXXXXXXXXXXXXXXXXXXXX                XXXXXXXXXXXXXXXXXXXXXXXX
XXXXXXXXXXXXXXXXXXXXXXXX                XXXXXXXXXXXXXXXXXXXXXXXX
XXXXXXXX        XXXXXXXX                                XXXXXXXX
XXXXXXXX        XXXXXXXX                                XXXXXXXX
XXXXXXXX        XXXXXXXX                                XXXXXXXX
XXXXXXXX        XXXXXXXX                                XXXXXXXX
XXXXXXXX        XXXXXXXX                                XXXXXXXX
XXXXXXXX        XXXXXXXX                                XXXXXXXX
XXXXXXXX        XXXXXXXX                                XXXXXXXX
XXXXXXXX        XXXXXXXX                                XXXXXXXX
XXXXXXXX        XXXXXXXX                                XXXXXXXX
XXXXXXXX        XXXXXXXX                                XXXXXXXX
XXXXXXXX        XXXXXXXX                                XXXXXXXX
XXXXXXXX        XXXXXXXX                                XXXXXXXX
XXXXXXXX        XXXXXXXX                                XXXXXXXX
XXXXXXXX        XXXXXXXX                                XXXXXXXX
XXXXXXXX        XXXXXXXX                                XXXXXXXX
XXXXXXXX        XXXXXXXX                                XXXXXXXX
XXXXXXXXXXXXXXXXXXXXXXXX                XXXXXXXXXXXXXXXXXXXXXXXX
XXXXXXXXXXXXXXXXXXXXXXXX                XXXXXXXXXXXXXXXXXXXXXXXX
XXXXXXXXXXXXXXXXXXXXXXXX                XXXXXXXXXXXXXXXXXXXXXXXX
XXXXXXXXXXXXXXXXXXXXXXXX                XXXXXXXXXXXXXXXXXXXXXXXX
XXXXXXXXXXXXXXXXXXXXXXXX                XXXXXXXXXXXXXXXXXXXXXXXX
XXXXXXXXXXXXXXXXXXXXXXXX                XXXXXXXXXXXXXXXXXXXXXXXX
XXXXXXXXXXXXXXXXXXXXXXXX                XXXXXXXXXXXXXXXXXXXXXXXX
XXXXXXXXXXXXXXXXXXXXXXXX                XXXXXXXXXXXXXXXXXXXXXXXX








XXXXXXXXXXXXXXXXXXXXXXXX                                        
XXXXXXXXXXXXXXXXXXXXXXXX                                        
XXXXXXXXXXXXXXXXXXXXXXXX                                        
XXXXXXXXXXXXXXXXXXXXXXXX                                        
XXXXXXXXXXXXXXXXXXXXXXXX                                        
XXXXXXXXXXXXXXXXXXXXXXXX                                        
XXXXXXXXXXXXXXXXXXXXXXXX                                        
XXXXXXXXXXXXXXXXXXXXXXXX                                        
XXXXXXXX        XXXXXXXX                XXXXXXXX                
XXXXXXXX        XXXXXXXX                XXXXXXXX                
XXXXXXXX        XXXXXXXX                XXXXXXXX                
XXXXXXXX        XXXXXXXX                XXXXXXXX                
XXXXXXXX        XXXXXXXX                XXXXXXXX                
XXXXXXXX        XXXXXXXX                XXXXXXXX                
XXXXXXXX        XXXXXXXX                XXXXXXXX                
XXXXXXXX        XXXXXXXX                XXXXXXXX                
XXXXXXXX        XXXXXXXX                XXXXXXXX                
XXXXXXXX        XXXXXXXX                XXXXXXXX                
XXXXXXXX        XXXXXXXX                XXXXXXXX                
XXXXXXXX        XXXXXXXX                XXXXXXXX                
XXXXXXXX        XXXXXXXX                XXXXXXXX                
XXXXXXXX        XXXXXXXX                XXXXXXXX                
XXXXXXXX        XXXXXXXX                XXXXXXXX                
XXXXXXXX        XXXXXXXX                XXXXXXXX                
XXXXXXXXXXXXXXXXXXXXXXXX                XXXXXXXXXXXXXXXXXXXXXXXX
XXXXXXXXXXXXXXXXXXXXXXXX                XXXXXXXXXXXXXXXXXXXXXXXX
XXXXXXXXXXXXXXXXXXXXXXXX                XXXXXXXXXXXXXXXXXXXXXXXX
XXXXXXXXXXXXXXXXXXXXXXXX                XXXXXXXXXXXXXXXXXXXXXXXX
XXXXXXXXXXXXXXXXXXXXXXXX                XXXXXXXXXXXXXXXXXXXXXXXX
XXXXXXXXXXXXXXXXXXXXXXXX                XXXXXXXXXXXXXXXXXXXXXXXX
XXXXXXXXXXXXXXXXXXXXXXXX                XXXXXXXXXXXXXXXXXXXXXXXX
XXXXXXXXXXXXXXXXXXXXXXXX                XXXXXXXXXXXXXXXXXXXXXXXX
XXXXXXXX        XXXXXXXX                XXXXXXXX        XXXXXXXX
XXXXXXXX        XXXXXXXX                XXXXXXXX        XXXXXXXX
XXXXXXXX        XXXXXXXX                XXXXXXXX        XXXXXXXX
XXXXXXXX        XXXXXXXX                XXXXXXXX        XXXXXXXX
XXXXXXXX        XXXXXXXX                XXXXXXXX        XXXXXXXX
XXXXXXXX        XXXXXXXX                XXXXXXXX        XXXXXXXX
XXXXXXXX        XXXXXXXX                XXXXXXXX        XXXXXXXX
XXXXXXXX        XXXXXXXX                XXXXXXXX        XXXXXXXX
XXXXXXXX        XXXXXXXX                XXXXXXXX        XXXXXXXX
XXXXXXXX        XXXXXXXX                XXXXXXXX        XXXXXXXX
XXXXXXXX        XXXXXXXX                XXXXXXXX        XXXXXXXX
XXXXXXXX        XXXXXXXX                XXXXXXXX        XXXXXXXX
XXXXXXXX        XXXXXXXX                XXXXXXXX        XXXXXXXX
XXXXXXXX        XXXXXXXX                XXXXXXXX        XXXXXXXX
XXXXXXXX        XXXXXXXX                XXXXXXXX        XXXXXXXX
XXXXXXXX        XXXXXXXX                XXXXXXXX        XXXXXXXX
                                        XXXXXXXXXXXXXXXXXXXXXXXX
                                        XXXXXXXXXXXXXXXXXXXXXXXX
                                        XXXXXXXXXXXXXXXXXXXXXXXX
                                        XXXXXXXXXXXXXXXXXXXXXXXX
                                        XXXXXXXXXXXXXXXXXXXXXXXX
                                        XXXXXXXXXXXXXXXXXXXXXXXX
                                        XXXXXXXXXXXXXXXXXXXXXXXX
                                        XXXXXXXXXXXXXXXXXXXXXXXX








XXXXXXXXXXXXXXXXXXXXXXXX                                        
XXXXXXXXXXXXXXXXXXXXXXXX                                        
XXXXXXXXXXXXXXXXXXXXXXXX                                        
XXXXXXXXXXXXXXXXXXXXXXXX                                        
XXXXXXXXXXXXXXXXXXXXXXXX                                        
XXXXXXXXXXXXXXXXXXXXXXXX                                        
XXXXXXXXXXXXXXXXXXXXXXXX                                        
XXXXXXXXXXXXXXXXXXXXXXXX                                        
XXXXXXXX                                                XXXXXXXX
XXXXXXXX                                                XXXXXXXX
XXXXXXXX                                                XXXXXXXX
XXXXXXXX                                                XXXXXXXX
XXXXXXXX                                                XXXXXXXX
XXXXXXXX                                                XXXXXXXX
XXXXXXXX                                                XXXXXXXX
XXXXXXXX                                                XXXXXXXX
XXXXXXXX                                                XXXXXXXX
XXXXXXXX                                                XXXXXXXX
XXXXXXXX                                                XXXXXXXX
XXXXXXXX                                                XXXXXXXX
XXXXXXXX                                                XXXXXXXX
XXXXXXXX                                                XXXXXXXX
XXXXXXXX                                                XXXXXXXX
XXXXXXXX                                                XXXXXXXX
                                        XXXXXXXXXXXXXXXXXXXXXXXX
                                        XXXXXXXXXXXXXXXXXXXXXXXX
                                        XXXXXXXXXXXXXXXXXXXXXXXX
                                        XXXXXXXXXXXXXXXXXXXXXXXX
                                        XXXXXXXXXXXXXXXXXXXXXXXX
                                        XXXXXXXXXXXXXXXXXXXXXXXX
                                        XXXXXXXXXXXXXXXXXXXXXXXX
                                        XXXXXXXXXXXXXXXXXXXXXXXX
XXXXXXXX                                XXXXXXXX        XXXXXXXX
XXXXXXXX                                XXXXXXXX        XXXXXXXX
XXXXXXXX                                XXXXXXXX        XXXXXXXX
XXXXXXXX                                XXXXXXXX        XXXXXXXX
XXXXXXXX                                XXXXXXXX        XXXXXXXX
XXXXXXXX                                XXXXXXXX        XXXXXXXX
XXXXXXXX                                XXXXXXXX        XXXXXXXX
XXXXXXXX                                XXXXXXXX        XXXXXXXX
XXXXXXXX                                XXXXXXXX        XXXXXXXX
XXXXXXXX                                XXXXXXXX        XXXXXXXX
XXXXXXXX                                XXXXXXXX        XXXXXXXX
XXXXXXXX                                XXXXXXXX        XXXXXXXX
XXXXXXXX                                XXXXXXXX        XXXXXXXX
XXXXXXXX                                XXXXXXXX        XXXXXXXX
XXXXXXXX                                XXXXXXXX        XXXXXXXX
XXXXXXXX                                XXXXXXXX        XXXXXXXX
XXXXXXXXXXXXXXXXXXXXXXXX                XXXXXXXXXXXXXXXXXXXXXXXX
XXXXXXXXXXXXXXXXXXXXXXXX                XXXXXXXXXXXXXXXXXXXXXXXX
XXXXXXXXXXXXXXXXXXXXXXXX                XXXXXXXXXXXXXXXXXXXXXXXX
XXXXXXXXXXXXXXXXXXXXXXXX                XXXXXXXXXXXXXXXXXXXXXXXX
XXXXXXXXXXXXXXXXXXXXXXXX                XXXXXXXXXXXXXXXXXXXXXXXX
XXXXXXXXXXXXXXXXXXXXXXXX                XXXXXXXXXXXXXXXXXXXXXXXX
XXXXXXXXXXXXXXXXXXXXXXXX                XXXXXXXXXXXXXXXXXXXXXXXX
XXXXXXXXXXXXXXXXXXXXXXXX                XXXXXXXXXXXXXXXXXXXXXXXX








XXXXXXXXXXXXXXXXXXXXXXXX                XXXXXXXXXXXXXXXXXXXXXXXX
XXXXXXXXXXXXXXXXXXXXXXXX                XXXXXXXXXXXXXXXXXXXXXXXX
XXXXXXXXXXXXXXXXXXXXXXXX                XXXXXXXXXXXXXXXXXXXXXXXX
XXXXXXXXXXXXXXXXXXXXXXXX                XXXXXXXXXXXXXXXXXXXXXXXX
XXXXXXXXXXXXXXXXXXXXXXXX                XXXXXXXXXXXXXXXXXXXXXXXX
XXXXXXXXXXXXXXXXXXXXXXXX                XXXXXXXXXXXXXXXXXXXXXXXX
XXXXXXXXXXXXXXXXXXXXXXXX                XXXXXXXXXXXXXXXXXXXXXXXX
XXXXXXXXXXXXXXXXXXXXXXXX                XXXXXXXXXXXXXXXXXXXXXXXX
XXXXXXXX                                XXXXXXXX                
XXXXXXXX                                XXXXXXXX                
XXXXXXXX                                XXXXXXXX                
XXXXXXXX                                XXXXXXXX                
XXXXXXXX                                XXXXXXXX                
XXXXXXXX                                XXXXXXXX                
XXXXXXXX                                XXXXXXXX                
XXXXXXXX                                XXXXXXXX                
XXXXXXXX                                XXXXXXXX                
XXXXXXXX                                XXXXXXXX                
XXXXXXXX                                XXXXXXXX                
XXXXXXXX                                XXXXXXXX                
XXXXXXXX                                XXXXXXXX                
XXXXXXXX                                XXXXXXXX                
XXXXXXXX                                XXXXXXXX                
XXXXXXXX                                XXXXXXXX                
XXXXXXXXXXXXXXXXXXXXXXXX                XXXXXXXXXXXXXXXXXXXXXXXX
XXXXXXXXXXXXXXXXXXXXXXXX                XXXXXXXXXXXXXXXXXXXXXXXX
XXXXXXXXXXXXXXXXXXXXXXXX                XXXXXXXXXXXXXXXXXXXXXXXX
XXXXXXXXXXXXXXXXXXXXXXXX                XXXXXXXXXXXXXXXXXXXXXXXX
XXXXXXXXXXXXXXXXXXXXXXXX                XXXXXXXXXXXXXXXXXXXXXXXX
XXXXXXXXXXXXXXXXXXXXXXXX                XXXXXXXXXXXXXXXXXXXXXXXX
XXXXXXXXXXXXXXXXXXXXXXXX                XXXXXXXXXXXXXXXXXXXXXXXX
XXXXXXXXXXXXXXXXXXXXXXXX                XXXXXXXXXXXXXXXXXXXXXXXX
XXXXXXXX                                XXXXXXXX                
XXXXXXXX                                XXXXXXXX                
XXXXXXXX                                XXXXXXXX                
XXXXXXXX                                XXXXXXXX                
XXXXXXXX                                XXXXXXXX                
XXXXXXXX                                XXXXXXXX                
XXXXXXXX                                XXXXXXXX                
XXXXXXXX                                XXXXXXXX                
XXXXXXXX                                XXXXXXXX                
XXXXXXXX                                XXXXXXXX                
XXXXXXXX                                XXXXXXXX                
XXXXXXXX                                XXXXXXXX                
XXXXXXXX                                XXXXXXXX                
XXXXXXXX                                XXXXXXXX                
XXXXXXXX                                XXXXXXXX                
XXXXXXXX                                XXXXXXXX                
XXXXXXXXXXXXXXXXXXXXXXXX                                        
XXXXXXXXXXXXXXXXXXXXXXXX                                        
XXXXXXXXXXXXXXXXXXXXXXXX                                        
XXXXXXXXXXXXXXXXXXXXXXXX                                        
XXXXXXXXXXXXXXXXXXXXXXXX                                        
XXXXXXXXXXXXXXXXXXXXXXXX                                        
XXXXXXXXXXXXXXXXXXXXXXXX                                        
XXXXXXXXXXXXXXXXXXXXXXXX                                        








XXXXXXXXXXXXXXXXXXXXXXXX                                        
XXXXXXXXXXXXXXXXXXXXXXXX                                        
XXXXXXXXXXXXXXXXXXXXXXXX                                        
XXXXXXXXXXXXXXXXXXXXXXXX                                        
XXXXXXXXXXXXXXXXXXXXXXXX                                        
XXXXXXXXXXXXXXXXXXXXXXXX                                        
XXXXXXXXXXXXXXXXXXXXXXXX                                        
XXXXXXXXXXXXXXXXXXXXXXXX                                        
XXXXXXXX        XXXXXXXX                                XXXXXXXX
XXXXXXXX        XXXXXXXX                                XXXXXXXX
XXXXXXXX        XXXXXXXX                                XXXXXXXX
XXXXXXXX        XXXXXXXX                                XXXXXXXX
XXXXXXXX        XXXXXXXX                                XXXXXXXX
XXXXXXXX        XXXXXXXX                                XXXXXXXX
XXXXXXXX        XXXXXXXX                                XXXXXXXX
XXXXXXXX        XXXXXXXX                                XXXXXXXX
XXXXXXXX        XXXXXXXX                                XXXXXXXX
XXXXXXXX        XXXXXXXX                                XXXXXXXX
XXXXXXXX        XXXXXXXX                                XXXXXXXX
XXXXXXXX        XXXXXXXX                                XXXXXXXX
XXXXXXXX        XXXXXXXX                                XXXXXXXX
XXXXXXXX        XXXXXXXX                                XXXXXXXX
XXXXXXXX        XXXXXXXX                                XXXXXXXX
XXXXXXXX        XXXXXXXX                                XXXXXXXX
                                                                
                                                                
                                                                
                                                                
                                                                
                                                                
                                                                
                                                                
XXXXXXXX        XXXXXXXX                                XXXXXXXX
XXXXXXXX        XXXXXXXX                                XXXXXXXX
XXXXXXXX        XXXXXXXX                                XXXXXXXX
XXXXXXXX        XXXXXXXX                                XXXXXXXX
XXXXXXXX        XXXXXXXX                                XXXXXXXX
XXXXXXXX        XXXXXXXX                                XXXXXXXX
XXXXXXXX        XXXXXXXX                                XXXXXXXX
XXXXXXXX        XXXXXXXX                                XXXXXXXX
XXXXXXXX        XXXXXXXX                                XXXXXXXX
XXXXXXXX        XXXXXXXX                                XXXXXXXX
XXXXXXXX        XXXXXXXX                                XXXXXXXX
XXXXXXXX        XXXXXXXX                                XXXXXXXX
XXXXXXXX        XXXXXXXX                                XXXXXXXX
XXXXXXXX        XXXXXXXX                                XXXXXXXX
XXXXXXXX        XXXXXXXX                                XXXXXXXX
XXXXXXXX        XXXXXXXX                                XXXXXXXX
XXXXXXXXXXXXXXXXXXXXXXXX                                        
XXXXXXXXXXXXXXXXXXXXXXXX                                        
XXXXXXXXXXXXXXXXXXXXXXXX                                        
XXXXXXXXXXXXXXXXXXXXXXXX                                        
XXXXXXXXXXXXXXXXXXXXXXXX                                        
XXXXXXXXXXXXXXXXXXXXXXXX                                        
XXXXXXXXXXXXXXXXXXXXXXXX                                        
XXXXXXXXXXXXXXXXXXXXXXXX                                        








XXXXXXXXXXXXXXXXXXXXXXXX                XXXXXXXXXXXXXXXXXXXXXXXX
XXXXXXXXXXXXXXXXXXXXXXXX                XXXXXXXXXXXXXXXXXXXXXXXX
XXXXXXXXXXXXXXXXXXXXXXXX                XXXXXXXXXXXXXXXXXXXXXXXX
XXXXXXXXXXXXXXXXXXXXXXXX                XXXXXXXXXXXXXXXXXXXXXXXX
XXXXXXXXXXXXXXXXXXXXXXXX                XXXXXXXXXXXXXXXXXXXXXXXX
XXXXXXXXXXXXXXXXXXXXXXXX                XXXXXXXXXXXXXXXXXXXXXXXX
XXXXXXXXXXXXXXXXXXXXXXXX                XXXXXXXXXXXXXXXXXXXXXXXX
XXXXXXXXXXXXXXXXXXXXXXXX                XXXXXXXXXXXXXXXXXXXXXXXX
                XXXXXXXX                                XXXXXXXX
                XXXXXXXX                                XXXXXXXX
                XXXXXXXX                                XXXXXXXX
                XXXXXXXX                                XXXXXXXX
                XXXXXXXX                                XXXXXXXX
                XXXXXXXX                                XXXXXXXX
                XXXXXXXX                                XXXXXXXX
                XXXXXXXX                                XXXXXXXX
                XXXXXXXX                                XXXXXXXX
                XXXXXXXX                                XXXXXXXX
                XXXXXXXX                                XXXXXXXX
                XXXXXXXX                                XXXXXXXX
                XXXXXXXX                                XXXXXXXX
                XXXXXXXX                                XXXXXXXX
                XXXXXXXX                                XXXXXXXX
                XXXXXXXX                                XXXXXXXX
XXXXXXXXXXXXXXXXXXXXXXXX                XXXXXXXXXXXXXXXXXXXXXXXX
XXXXXXXXXXXXXXXXXXXXXXXX                XXXXXXXXXXXXXXXXXXXXXXXX
XXXXXXXXXXXXXXXXXXXXXXXX                XXXXXXXXXXXXXXXXXXXXXXXX
XXXXXXXXXXXXXXXXXXXXXXXX                XXXXXXXXXXXXXXXXXXXXXXXX
XXXXXXXXXXXXXXXXXXXXXXXX                XXXXXXXXXXXXXXXXXXXXXXXX
XXXXXXXXXXXXXXXXXXXXXXXX                XXXXXXXXXXXXXXXXXXXXXXXX
XXXXXXXXXXXXXXXXXXXXXXXX                XXXXXXXXXXXXXXXXXXXXXXXX
XXXXXXXXXXXXXXXXXXXXXXXX                XXXXXXXXXXXXXXXXXXXXXXXX
XXXXXXXX                                                XXXXXXXX
XXXXXXXX                                                XXXXXXXX
XXXXXXXX                                                XXXXXXXX
XXXXXXXX                                                XXXXXXXX
XXXXXXXX                                                XXXXXXXX
XXXXXXXX                                                XXXXXXXX
XXXXXXXX                                                XXXXXXXX
XXXXXXXX                                                XXXXXXXX
XXXXXXXX                                                XXXXXXXX
XXXXXXXX                                                XXXXXXXX
XXXXXXXX                                                XXXXXXXX
XXXXXXXX                                                XXXXXXXX
XXXXXXXX                                                XXXXXXXX
XXXXXXXX                                                XXXXXXXX
XXXXXXXX                                                XXXXXXXX
XXXXXXXX                                                XXXXXXXX
XXXXXXXXXXXXXXXXXXXXXXXX                XXXXXXXXXXXXXXXXXXXXXXXX
XXXXXXXXXXXXXXXXXXXXXXXX                XXXXXXXXXXXXXXXXXXXXXXXX
XXXXXXXXXXXXXXXXXXXXXXXX                XXXXXXXXXXXXXXXXXXXXXXXX
XXXXXXXXXXXXXXXXXXXXXXXX                XXXXXXXXXXXXXXXXXXXXXXXX
XXXXXXXXXXXXXXXXXXXXXXXX                XXXXXXXXXXXXXXXXXXXXXXXX
XXXXXXXXXXXXXXXXXXXXXXXX                XXXXXXXXXXXXXXXXXXXXXXXX
XXXXXXXXXXXXXXXXXXXXXXXX                XXXXXXXXXXXXXXXXXXXXXXXX
XXXXXXXXXXXXXXXXXXXXXXXX                XXXXXXXXXXXXXXXXXXXXXXXX








                                        XXXXXXXXXXXXXXXXXXXXXXXX
                                        XXXXXXXXXXXXXXXXXXXXXXXX
                                        XXXXXXXXXXXXXXXXXXXXXXXX
                                        XXXXXXXXXXXXXXXXXXXXXXXX
                                        XXXXXXXXXXXXXXXXXXXXXXXX
                                        XXXXXXXXXXXXXXXXXXXXXXXX
                                        XXXXXXXXXXXXXXXXXXXXXXXX
                                        XXXXXXXXXXXXXXXXXXXXXXXX
XXXXXXXX        XXXXXXXX                XXXXXXXX                
XXXXXXXX        XXXXXXXX                XXXXXXXX                
XXXXXXXX        XXXXXXXX                XXXXXXXX                
XXXXXXXX        XXXXXXXX                XXXXXXXX                
XXXXXXXX        XXXXXXXX                XXXXXXXX                
XXXXXXXX        XXXXXXXX                XXXXXXXX                
XXXXXXXX        XXXXXXXX                XXXXXXXX                
XXXXXXXX        XXXXXXXX                XXXXXXXX                
XXXXXXXX        XXXXXXXX                XXXXXXXX                
XXXXXXXX        XXXXXXXX                XXXXXXXX                
XXXXXXXX        XXXXXXXX                XXXXXXXX                
XXXXXXXX        XXXXXXXX                XXXXXXXX                
XXXXXXXX        XXXXXXXX                XXXXXXXX                
XXXXXXXX        XXXXXXXX                XXXXXXXX                
XXXXXXXX        XXXXXXXX                XXXXXXXX                
XXXXXXXX        XXXXXXXX                XXXXXXXX                
XXXXXXXXXXXXXXXXXXXXXXXX                XXXXXXXXXXXXXXXXXXXXXXXX
XXXXXXXXXXXXXXXXXXXXXXXX                XXXXXXXXXXXXXXXXXXXXXXXX
XXXXXXXXXXXXXXXXXXXXXXXX                XXXXXXXXXXXXXXXXXXXXXXXX
XXXXXXXXXXXXXXXXXXXXXXXX                XXXXXXXXXXXXXXXXXXXXXXXX
XXXXXXXXXXXXXXXXXXXXXXXX                XXXXXXXXXXXXXXXXXXXXXXXX
XXXXXXXXXXXXXXXXXXXXXXXX                XXXXXXXXXXXXXXXXXXXXXXXX
XXXXXXXXXXXXXXXXXXXXXXXX                XXXXXXXXXXXXXXXXXXXXXXXX
XXXXXXXXXXXXXXXXXXXXXXXX                XXXXXXXXXXXXXXXXXXXXXXXX
                XXXXXXXX                                XXXXXXXX
                XXXXXXXX                                XXXXXXXX
                XXXXXXXX                                XXXXXXXX
                XXXXXXXX                                XXXXXXXX
                XXXXXXXX                                XXXXXXXX
                XXXXXXXX                                XXXXXXXX
                XXXXXXXX                                XXXXXXXX
                XXXXXXXX                                XXXXXXXX
                XXXXXXXX                                XXXXXXXX
                XXXXXXXX                                XXXXXXXX
                XXXXXXXX                                XXXXXXXX
                XXXXXXXX                                XXXXXXXX
                XXXXXXXX                                XXXXXXXX
                XXXXXXXX                                XXXXXXXX
                XXXXXXXX                                XXXXXXXX
                XXXXXXXX                                XXXXXXXX
                                        XXXXXXXXXXXXXXXXXXXXXXXX
                                        XXXXXXXXXXXXXXXXXXXXXXXX
                                        XXXXXXXXXXXXXXXXXXXXXXXX
                                        XXXXXXXXXXXXXXXXXXXXXXXX
                                        XXXXXXXXXXXXXXXXXXXXXXXX
                                        XXXXXXXXXXXXXXXXXXXXXXXX
                                        XXXXXXXXXXXXXXXXXXXXXXXX
                                        XXXXXXXXXXXXXXXXXXXXXXXX








XXXXXXXXXXXXXXXXXXXXXXXX                XXXXXXXXXXXXXXXXXXXXXXXX
XXXXXXXXXXXXXXXXXXXXXXXX                XXXXXXXXXXXXXXXXXXXXXXXX
XXXXXXXXXXXXXXXXXXXXXXXX                XXXXXXXXXXXXXXXXXXXXXXXX
XXXXXXXXXXXXXXXXXXXXXXXX                XXXXXXXXXXXXXXXXXXXXXXXX
XXXXXXXXXXXXXXXXXXXXXXXX                XXXXXXXXXXXXXXXXXXXXXXXX
XXXXXXXXXXXXXXXXXXXXXXXX                XXXXXXXXXXXXXXXXXXXXXXXX
XXXXXXXXXXXXXXXXXXXXXXXX                XXXXXXXXXXXXXXXXXXXXXXXX
XXXXXXXXXXXXXXXXXXXXXXXX                XXXXXXXXXXXXXXXXXXXXXXXX
XXXXXXXX                                                XXXXXXXX
XXXXXXXX                                                XXXXXXXX
XXXXXXXX                                                XXXXXXXX
XXXXXXXX                                                XXXXXXXX
XXXXXXXX                                                XXXXXXXX
XXXXXXXX                                                XXXXXXXX
XXXXXXXX                                                XXXXXXXX
XXXXXXXX                                                XXXXXXXX
XXXXXXXX                                                XXXXXXXX
XXXXXXXX                                                XXXXXXXX
XXXXXXXX                                                XXXXXXXX
XXXXXXXX                                                XXXXXXXX
XXXXXXXX                                                XXXXXXXX
XXXXXXXX                                                XXXXXXXX
XXXXXXXX                                                XXXXXXXX
XXXXXXXX                                                XXXXXXXX
XXXXXXXXXXXXXXXXXXXXXXXX                                        
XXXXXXXXXXXXXXXXXXXXXXXX                                        
XXXXXXXXXXXXXXXXXXXXXXXX                                        
XXXXXXXXXXXXXXXXXXXXXXXX                                        
XXXXXXXXXXXXXXXXXXXXXXXX                                        
XXXXXXXXXXXXXXXXXXXXXXXX                                        
XXXXXXXXXXXXXXXXXXXXXXXX                                        
XXXXXXXXXXXXXXXXXXXXXXXX                                        
XXXXXXXX        XXXXXXXX                                XXXXXXXX
XXXXXXXX        XXXXXXXX                                XXXXXXXX
XXXXXXXX        XXXXXXXX                                XXXXXXXX
XXXXXXXX        XXXXXXXX                                XXXXXXXX
XXXXXXXX        XXXXXXXX                                XXXXXXXX
XXXXXXXX        XXXXXXXX                                XXXXXXXX
XXXXXXXX        XXXXXXXX                                XXXXXXXX
XXXXXXXX        XXXXXXXX                                XXXXXXXX
XXXXXXXX        XXXXXXXX                                XXXXXXXX
XXXXXXXX        XXXXXXXX                                XXXXXXXX
XXXXXXXX        XXXXXXXX                                XXXXXXXX
XXXXXXXX        XXXXXXXX                                XXXXXXXX
XXXXXXXX        XXXXXXXX                                XXXXXXXX
XXXXXXXX        XXXXXXXX                                XXXXXXXX
XXXXXXXX        XXXXXXXX                                XXXXXXXX
XXXXXXXX        XXXXXXXX                                XXXXXXXX
XXXXXXXXXXXXXXXXXXXXXXXX                                        
XXXXXXXXXXXXXXXXXXXXXXXX                                        
XXXXXXXXXXXXXXXXXXXXXXXX                                        
XXXXXXXXXXXXXXXXXXXXXXXX                                        
XXXXXXXXXXXXXXXXXXXXXXXX                                        
XXXXXXXXXXXXXXXXXXXXXXXX                                        
XXXXXXXXXXXXXXXXXXXXXXXX                                        
XXXXXXXXXXXXXXXXXXXXXXXX                                        








XXXXXXXXXXXXXXXXXXXXXXXX                XXXXXXXXXXXXXXXXXXXXXXXX
XXXXXXXXXXXXXXXXXXXXXXXX                XXXXXXXXXXXXXXXXXXXXXXXX
XXXXXXXXXXXXXXXXXXXXXXXX                XXXXXXXXXXXXXXXXXXXXXXXX
XXXXXXXXXXXXXXXXXXXXXXXX                XXXXXXXXXXXXXXXXXXXXXXXX
XXXXXXXXXXXXXXXXXXXXXXXX                XXXXXXXXXXXXXXXXXXXXXXXX
XXXXXXXXXXXXXXXXXXXXXXXX                XXXXXXXXXXXXXXXXXXXXXXXX
XXXXXXXXXXXXXXXXXXXXXXXX                XXXXXXXXXXXXXXXXXXXXXXXX
XXXXXXXXXXXXXXXXXXXXXXXX                XXXXXXXXXXXXXXXXXXXXXXXX
XXXXXXXX        XXXXXXXX                XXXXXXXX        XXXXXXXX
XXXXXXXX        XXXXXXXX                XXXXXXXX        XXXXXXXX
XXXXXXXX        XXXXXXXX                XXXXXXXX        XXXXXXXX
XXXXXXXX        XXXXXXXX                XXXXXXXX        XXXXXXXX
XXXXXXXX        XXXXXXXX                XXXXXXXX        XXXXXXXX
XXXXXXXX        XXXXXXXX                XXXXXXXX        XXXXXXXX
XXXXXXXX        XXXXXXXX                XXXXXXXX        XXXXXXXX
XXXXXXXX        XXXXXXXX                XXXXXXXX        XXXXXXXX
XXXXXXXX        XXXXXXXX                XXXXXXXX        XXXXXXXX
XXXXXXXX        XXXXXXXX                XXXXXXXX        XXXXXXXX
XXXXXXXX        XXXXXXXX                XXXXXXXX        XXXXXXXX
XXXXXXXX        XXXXXXXX                XXXXXXXX        XXXXXXXX
XXXXXXXX        XXXXXXXX                XXXXXXXX        XXXXXXXX
XXXXXXXX        XXXXXXXX                XXXXXXXX        XXXXXXXX
XXXXXXXX        XXXXXXXX                XXXXXXXX        XXXXXXXX
XXXXXXXX        XXXXXXXX                XXXXXXXX        XXXXXXXX
XXXXXXXXXXXXXXXXXXXXXXXX                XXXXXXXXXXXXXXXXXXXXXXXX
XXXXXXXXXXXXXXXXXXXXXXXX                XXXXXXXXXXXXXXXXXXXXXXXX
XXXXXXXXXXXXXXXXXXXXXXXX                XXXXXXXXXXXXXXXXXXXXXXXX
XXXXXXXXXXXXXXXXXXXXXXXX                XXXXXXXXXXXXXXXXXXXXXXXX
XXXXXXXXXXXXXXXXXXXXXXXX                XXXXXXXXXXXXXXXXXXXXXXXX
XXXXXXXXXXXXXXXXXXXXXXXX                XXXXXXXXXXXXXXXXXXXXXXXX
XXXXXXXXXXXXXXXXXXXXXXXX                XXXXXXXXXXXXXXXXXXXXXXXX
XXXXXXXXXXXXXXXXXXXXXXXX                XXXXXXXXXXXXXXXXXXXXXXXX
XXXXXXXX        XXXXXXXX                                XXXXXXXX
XXXXXXXX        XXXXXXXX                                XXXXXXXX
XXXXXXXX        XXXXXXXX                                XXXXXXXX
XXXXXXXX        XXXXXXXX                                XXXXXXXX
XXXXXXXX        XXXXXXXX                                XXXXXXXX
XXXXXXXX        XXXXXXXX                                XXXXXXXX
XXXXXXXX        XXXXXXXX                                XXXXXXXX
XXXXXXXX        XXXXXXXX                                XXXXXXXX
XXXXXXXX        XXXXXXXX                                XXXXXXXX
XXXXXXXX        XXXXXXXX                                XXXXXXXX
XXXXXXXX        XXXXXXXX                                XXXXXXXX
XXXXXXXX        XXXXXXXX                                XXXXXXXX
XXXXXXXX        XXXXXXXX                                XXXXXXXX
XXXXXXXX        XXXXXXXX                                XXXXXXXX
XXXXXXXX        XXXXXXXX                                XXXXXXXX
XXXXXXXX        XXXXXXXX                                XXXXXXXX
XXXXXXXXXXXXXXXXXXXXXXXX                XXXXXXXXXXXXXXXXXXXXXXXX
XXXXXXXXXXXXXXXXXXXXXXXX                XXXXXXXXXXXXXXXXXXXXXXXX
XXXXXXXXXXXXXXXXXXXXXXXX                XXXXXXXXXXXXXXXXXXXXXXXX
XXXXXXXXXXXXXXXXXXXXXXXX                XXXXXXXXXXXXXXXXXXXXXXXX
XXXXXXXXXXXXXXXXXXXXXXXX                XXXXXXXXXXXXXXXXXXXXXXXX
XXXXXXXXXXXXXXXXXXXXXXXX                XXXXXXXXXXXXXXXXXXXXXXXX
XXXXXXXXXXXXXXXXXXXXXXXX                XXXXXXXXXXXXXXXXXXXXXXXX
XXXXXXXXXXXXXXXXXXXXXXXX                XXXXXXXXXXXXXXXXXXXXXXXX








XXXXXXXXXXXXXXXXXXXXXXXX                                        
XXXXXXXXXXXXXXXXXXXXXXXX                                        
XXXXXXXXXXXXXXXXXXXXXXXX                                        
XXXXXXXXXXXXXXXXXXXXXXXX                                        
XXXXXXXXXXXXXXXXXXXXXXXX                                        
XXXXXXXXXXXXXXXXXXXXXXXX                                        
XXXXXXXXXXXXXXXXXXXXXXXX                                        
XXXXXXXXXXXXXXXXXXXXXXXX                                        
XXXXXXXX        XXXXXXXX                XXXXXXXX                
XXXXXXXX        XXXXXXXX                XXXXXXXX                
XXXXXXXX        XXXXXXXX                XXXXXXXX                
XXXXXXXX        XXXXXXXX                XXXXXXXX                
XXXXXXXX        XXXXXXXX                XXXXXXXX                
XXXXXXXX        XXXXXXXX                XXXXXXXX                
XXXXXXXX        XXXXXXXX                XXXXXXXX                
XXXXXXXX        XXXXXXXX                XXXXXXXX                
XXXXXXXX        XXXXXXXX                XXXXXXXX                
XXXXXXXX        XXXXXXXX                XXXXXXXX                
XXXXXXXX        XXXXXXXX                XXXXXXXX                
XXXXXXXX        XXXXXXXX                XXXXXXXX                
XXXXXXXX        XXXXXXXX                XXXXXXXX                
XXXXXXXX        XXXXXXXX                XXXXXXXX                
XXXXXXXX        XXXXXXXX                XXXXXXXX                
XXXXXXXX        XXXXXXXX                XXXXXXXX                
XXXXXXXXXXXXXXXXXXXXXXXX                XXXXXXXXXXXXXXXXXXXXXXXX
XXXXXXXXXXXXXXXXXXXXXXXX                XXXXXXXXXXXXXXXXXXXXXXXX
XXXXXXXXXXXXXXXXXXXXXXXX                XXXXXXXXXXXXXXXXXXXXXXXX
XXXXXXXXXXXXXXXXXXXXXXXX                XXXXXXXXXXXXXXXXXXXXXXXX
XXXXXXXXXXXXXXXXXXXXXXXX                XXXXXXXXXXXXXXXXXXXXXXXX
XXXXXXXXXXXXXXXXXXXXXXXX                XXXXXXXXXXXXXXXXXXXXXXXX
XXXXXXXXXXXXXXXXXXXXXXXX                XXXXXXXXXXXXXXXXXXXXXXXX
XXXXXXXXXXXXXXXXXXXXXXXX                XXXXXXXXXXXXXXXXXXXXXXXX
XXXXXXXX        XXXXXXXX                XXXXXXXX        XXXXXXXX
XXXXXXXX        XXXXXXXX                XXXXXXXX        XXXXXXXX
XXXXXXXX        XXXXXXXX                XXXXXXXX        XXXXXXXX
XXXXXXXX        XXXXXXXX                XXXXXXXX        XXXXXXXX
XXXXXXXX        XXXXXXXX                XXXXXXXX        XXXXXXXX
XXXXXXXX        XXXXXXXX                XXXXXXXX        XXXXXXXX
XXXXXXXX        XXXXXXXX                XXXXXXXX        XXXXXXXX
XXXXXXXX        XXXXXXXX                XXXXXXXX        XXXXXXXX
XXXXXXXX        XXXXXXXX                XXXXXXXX        XXXXXXXX
XXXXXXXX        XXXXXXXX                XXXXXXXX        XXXXXXXX
XXXXXXXX        XXXXXXXX                XXXXXXXX        XXXXXXXX
XXXXXXXX        XXXXXXXX                XXXXXXXX        XXXXXXXX
XXXXXXXX        XXXXXXXX                XXXXXXXX        XXXXXXXX
XXXXXXXX        XXXXXXXX                XXXXXXXX        XXXXXXXX
XXXXXXXX        XXXXXXXX                XXXXXXXX        XXXXXXXX
XXXXXXXX        XXXXXXXX                XXXXXXXX        XXXXXXXX
                                        XXXXXXXXXXXXXXXXXXXXXXXX
                                        XXXXXXXXXXXXXXXXXXXXXXXX
                                        XXXXXXXXXXXXXXXXXXXXXXXX
                                        XXXXXXXXXXXXXXXXXXXXXXXX
                                        XXXXXXXXXXXXXXXXXXXXXXXX
                                        XXXXXXXXXXXXXXXXXXXXXXXX
                                        XXXXXXXXXXXXXXXXXXXXXXXX
                                        XXXXXXXXXXXXXXXXXXXXXXXX








XXXXXXXXXXXXXXXXXXXXXXXX                                        
XXXXXXXXXXXXXXXXXXXXXXXX                                        
XXXXXXXXXXXXXXXXXXXXXXXX                                        
XXXXXXXXXXXXXXXXXXXXXXXX                                        
XXXXXXXXXXXXXXXXXXXXXXXX                                        
XXXXXXXXXXXXXXXXXXXXXXXX                                        
XXXXXXXXXXXXXXXXXXXXXXXX                                        
XXXXXXXXXXXXXXXXXXXXXXXX                                        
XXXXXXXX                                                XXXXXXXX
XXXXXXXX                                                XXXXXXXX
XXXXXXXX                                                XXXXXXXX
XXXXXXXX                                                XXXXXXXX
XXXXXXXX                                                XXXXXXXX
XXXXXXXX                                                XXXXXXXX
XXXXXXXX                                                XXXXXXXX
XXXXXXXX                                                XXXXXXXX
XXXXXXXX                                                XXXXXXXX
XXXXXXXX                                                XXXXXXXX
XXXXXXXX                                                XXXXXXXX
XXXXXXXX                                                XXXXXXXX
XXXXXXXX                                                XXXXXXXX
XXXXXXXX                                                XXXXXXXX
XXXXXXXX                                                XXXXXXXX
XXXXXXXX                                                XXXXXXXX
                                        XXXXXXXXXXXXXXXXXXXXXXXX
                                        XXXXXXXXXXXXXXXXXXXXXXXX
                                        XXXXXXXXXXXXXXXXXXXXXXXX
                                        XXXXXXXXXXXXXXXXXXXXXXXX
                                        XXXXXXXXXXXXXXXXXXXXXXXX
                                        XXXXXXXXXXXXXXXXXXXXXXXX
                                        XXXXXXXXXXXXXXXXXXXXXXXX
                                        XXXXXXXXXXXXXXXXXXXXXXXX
XXXXXXXX                                XXXXXXXX        XXXXXXXX
XXXXXXXX                                XXXXXXXX        XXXXXXXX
XXXXXXXX                                XXXXXXXX        XXXXXXXX
XXXXXXXX                                XXXXXXXX        XXXXXXXX
XXXXXXXX                                XXXXXXXX        XXXXXXXX
XXXXXXXX                                XXXXXXXX        XXXXXXXX
XXXXXXXX                                XXXXXXXX        XXXXXXXX
XXXXXXXX                                XXXXXXXX        XXXXXXXX
XXXXXXXX                                XXXXXXXX        XXXXXXXX
XXXXXXXX                                XXXXXXXX        XXXXXXXX
XXXXXXXX                                XXXXXXXX        XXXXXXXX
XXXXXXXX                                XXXXXXXX        XXXXXXXX
XXXXXXXX                                XXXXXXXX        XXXXXXXX
XXXXXXXX                                XXXXXXXX        XXXXXXXX
XXXXXXXX                                XXXXXXXX        XXXXXXXX
XXXXXXXX                                XXXXXXXX        XXXXXXXX
XXXXXXXXXXXXXXXXXXXXXXXX                XXXXXXXXXXXXXXXXXXXXXXXX
XXXXXXXXXXXXXXXXXXXXXXXX                XXXXXXXXXXXXXXXXXXXXXXXX
XXXXXXXXXXXXXXXXXXXXXXXX                XXXXXXXXXXXXXXXXXXXXXXXX
XXXXXXXXXXXXXXXXXXXXXXXX                XXXXXXXXXXXXXXXXXXXXXXXX
XXXXXXXXXXXXXXXXXXXXXXXX                XXXXXXXXXXXXXXXXXXXXXXXX
XXXXXXXXXXXXXXXXXXXXXXXX                XXXXXXXXXXXXXXXXXXXXXXXX
XXXXXXXXXXXXXXXXXXXXXXXX                XXXXXXXXXXXXXXXXXXXXXXXX
XXXXXXXXXXXXXXXXXXXXXXXX                XXXXXXXXXXXXXXXXXXXXXXXX








XXXXXXXXXXXXXXXXXXXXXXXX                XXXXXXXXXXXXXXXXXXXXXXXX
XXXXXXXXXXXXXXXXXXXXXXXX                XXXXXXXXXXXXXXXXXXXXXXXX
XXXXXXXXXXXXXXXXXXXXXXXX                XXXXXXXXXXXXXXXXXXXXXXXX
XXXXXXXXXXXXXXXXXXXXXXXX                XXXXXXXXXXXXXXXXXXXXXXXX
XXXXXXXXXXXXXXXXXXXXXXXX                XXXXXXXXXXXXXXXXXXXXXXXX
XXXXXXXXXXXXXXXXXXXXXXXX                XXXXXXXXXXXXXXXXXXXXXXXX
XXXXXXXXXXXXXXXXXXXXXXXX                XXXXXXXXXXXXXXXXXXXXXXXX
XXXXXXXXXXXXXXXXXXXXXXXX                XXXXXXXXXXXXXXXXXXXXXXXX
XXXXXXXX                                XXXXXXXX                
XXXXXXXX                                XXXXXXXX                
XXXXXXXX                                XXXXXXXX                
XXXXXXXX                                XXXXXXXX                
XXXXXXXX                                XXXXXXXX                
XXXXXXXX                                XXXXXXXX                
XXXXXXXX                                XXXXXXXX                
XXXXXXXX                                XXXXXXXX                
XXXXXXXX                                XXXXXXXX                
XXXXXXXX                                XXXXXXXX                
XXXXXXXX                                XXXXXXXX                
XXXXXXXX                                XXXXXXXX                
XXXXXXXX                                XXXXXXXX                
XXXXXXXX                                XXXXXXXX                
XXXXXXXX                                XXXXXXXX                
XXXXXXXX                                XXXXXXXX                
XXXXXXXXXXXXXXXXXXXXXXXX                XXXXXXXXXXXXXXXXXXXXXXXX
XXXXXXXXXXXXXXXXXXXXXXXX                XXXXXXXXXXXXXXXXXXXXXXXX
XXXXXXXXXXXXXXXXXXXXXXXX                XXXXXXXXXXXXXXXXXXXXXXXX
XXXXXXXXXXXXXXXXXXXXXXXX                XXXXXXXXXXXXXXXXXXXXXXXX
XXXXXXXXXXXXXXXXXXXXXXXX                XXXXXXXXXXXXXXXXXXXXXXXX
XXXXXXXXXXXXXXXXXXXXXXXX                XXXXXXXXXXXXXXXXXXXXXXXX
XXXXXXXXXXXXXXXXXXXXXXXX                XXXXXXXXXXXXXXXXXXXXXXXX
XXXXXXXXXXXXXXXXXXXXXXXX                XXXXXXXXXXXXXXXXXXXXXXXX
XXXXXXXX                                XXXXXXXX                
XXXXXXXX                                XXXXXXXX                
XXXXXXXX                                XXXXXXXX                
XXXXXXXX                                XXXXXXXX                
XXXXXXXX                                XXXXXXXX                
XXXXXXXX                                XXXXXXXX                
XXXXXXXX                                XXXXXXXX                
XXXXXXXX                                XXXXXXXX                
XXXXXXXX                                XXXXXXXX                
XXXXXXXX                                XXXXXXXX                
XXXXXXXX                                XXXXXXXX                
XXXXXXXX                                XXXXXXXX                
XXXXXXXX                                XXXXXXXX                
XXXXXXXX                                XXXXXXXX                
XXXXXXXX                                XXXXXXXX                
XXXXXXXX                                XXXXXXXX                
XXXXXXXXXXXXXXXXXXXXXXXX                                        
XXXXXXXXXXXXXXXXXXXXXXXX                                        
XXXXXXXXXXXXXXXXXXXXXXXX                                        
XXXXXXXXXXXXXXXXXXXXXXXX                                        
XXXXXXXXXXXXXXXXXXXXXXXX                                        
XXXXXXXXXXXXXXXXXXXXXXXX                                        
XXXXXXXXXXXXXXXXXXXXXXXX                                        
XXXXXXXXXXXXXXXXXXXXXXXX                                        
