XXXXXXXXXXXX        XXXXXXXXXXXX
XXXXXXXXXXXX        XXXXXXXXXXXX
XXXXXXXXXXXX        XXXXXXXXXXXX
XXXXXXXXXXXX        XXXXXXXXXXXX
XXXX                XXXX        
XXXX                XXXX        
XXXX                XXXX        
XXXX                XXXX        
XXXX                XXXX        
XXXX                XXXX        
XXXX                XXXX        
XXXX                XXXX        
XXXXXXXXXXXX        XXXXXXXXXXXX
XXXXXXXXXXXX        XXXXXXXXXXXX
XXXXXXXXXXXX        XXXXXXXXXXXX
XXXXXXXXXXXX        XXXXXXXXXXXX
XXXX                XXXX    XXXX
XXXX                XXXX    XXXX
XXXX                XXXX    XXXX
XXXX                XXXX    XXXX
XXXX                XXXX    XXXX
XXXX                XXXX    XXXX
XXXX                XXXX    XXXX
XXXX                XXXX    XXXX
                    XXXXXXXXXXXX
                    XXXXXXXXXXXX
                    XXXXXXXXXXXX
                    XXXXXXXXXXXX
